[moliorrsteam.wixsite.com/moliorrs.html]
[www.wix.com/favicon.ico]
[static.parastorage.com/unpkg/core-js-bundle@3.2.1/minified.js]
[static.parastorage.com/unpkg/focus-within-polyfill@5.0.9/dist/focus-within-polyfill.js]
[backblue.gif]
[fade.gif]
[index.html]
[polyfill.io/v3/polyfill.mind82c.js]
[moliorrsteam.wixsite.com/moliorrs/decodeURIComponent(e]
[browser.sentry-cdn.com/5.21.4/bundle.min.js]
[moliorrsteam.wixsite.com/moliorrs/https_]
[moliorrsteam.wixsite.com/moliorrs/robots.txt]
[moliorrsteam.wixsite.com/moliorrs/sitemap.xml]
[moliorrsteam.wixsite.com/moliorrs/feed.xml]
[static.parastorage.com/services/wix-thunderbolt/dist/bootstrap-features.c3838642.chunk.min.js]
[static.parastorage.com/services/wix-thunderbolt/dist/main.0923d53a.chunk.min.js]
[static.parastorage.com/unpkg/lodash@4.17.15/lodash.min.js]
[moliorrsteam.wixsite.com/moliorrs/$&/index.html]
[static.parastorage.com/services/wix-thunderbolt/dist/wix-code-sdk-providers.3680cd19.chunk.min.js]
[static.parastorage.com/services/wix-thunderbolt/dist/ooi.b33f55a1.chunk.min.js]
[static.parastorage.com/services/wix-thunderbolt/dist/siteMembers.d7f26869.chunk.min.js]
[static.parastorage.com/services/wix-thunderbolt/dist/siteScrollBlocker.8fc80979.chunk.min.js]
[static.parastorage.com/services/wix-thunderbolt/dist/tpaCommons.6d73eb98.chunk.min.js]
[static.parastorage.com/services/wix-thunderbolt/dist/windowMessageRegistrar.569159dd.chunk.min.js]
[static.parastorage.com/services/wix-thunderbolt/dist/platform.74fa3930.chunk.min.js]
[static.parastorage.com/services/tag-manager-client/1.282.0/siteTags.bundle.min.js]
[moliorrsteam.wixsite.com/index.html]
[static.parastorage.com/services/editor-elements/dist/thunderboltElements.110ee1f3.bundle.min.js]
[static.parastorage.com/services/wix-perf-measure/1.401.0/wix-perf-measure.bundle.min.js]
[static.parastorage.com/services/wix-thunderbolt/dist/vendors_vendor-react-dom.1dbd008a.chunk.min.js]
[static.parastorage.com/services/wix-thunderbolt/dist/vendor-react-dom.b37fd392.chunk.min.js]
[static.parastorage.com/services/wix-thunderbolt/dist/animations-vendors.c1240224.chunk.min.js]
[static.parastorage.com/services/wix-thunderbolt/dist/scrollRestoration.990873ad.chunk.min.js]
[static.parastorage.com/services/wix-thunderbolt/dist/imageZoom.e124d4af.chunk.min.js]
[static.parastorage.com/services/wix-thunderbolt/dist/landingPage.92338e4b.chunk.min.js]
[static.parastorage.com/services/wix-thunderbolt/dist/pageTransitions.af6b2295.chunk.min.js]
[static.parastorage.com/services/wix-thunderbolt/dist/reducedMotion.1684ad36.chunk.min.js]
[static.parastorage.com/services/wix-thunderbolt/dist/scrollToAnchor.ce1c42a9.chunk.min.js]
[static.parastorage.com/services/wix-thunderbolt/dist/windowScroll.702a2647.chunk.min.js]
[static.parastorage.com/services/editor-elements/dist/bootstrap-components-common.38491cce.chunk.min.js]
[static.parastorage.com/services/editor-elements/dist/bootstrap-components-classic.9758e31e.chunk.min.js]
[static.parastorage.com/services/editor-elements/dist/FreemiumBannerDesktop.70285698.chunk.min.js]
[static.parastorage.com/services/editor-elements/dist/common-site-members-dialogs.eeba8800.chunk.min.js]
[static.parastorage.com/services/editor-elements/dist/vendors_VideoPlayer.6594d704.chunk.min.js]
[static.parastorage.com/services/editor-elements/dist/VideoPlayer.4f4bd287.chunk.min.js]
[static.parastorage.com/services/editor-elements/dist/WPhoto_CirclePhoto.d6264647.chunk.min.js]
[static.wixstatic.com/media/0f4756_3dd734bd1c37479ba5a159b3c060332d_mv2.jpg/v1/fill/w_241,h_92,al_c,q_80,usm_0.66_1.00_0.01,blur_2/bg2.jpg]
[static.wixstatic.com/media/0f4756_3dd734bd1c37479ba5a159b3c060332d_mv2.jpg/v1/fill/w_240,h_92,al_c,q_80,usm_0.66_1.00_0.01,blur_2/bg2.jpg]
[static.wixstatic.com/media/0f4756_2575c73468b7417d88a506671956ec69_mv2.gif]
[static.wixstatic.com/media/0f4756_87cfaafb2e2e44ba86091fc533789b79_mv2.gif]
[static.wixstatic.com/media/0f4756_33fd9c0c244c4f638ee166921d1cb2c7_mv2.gif]
[static.wixstatic.com/media/0f4756_0ba8e63250aa4f9f98081e0c6c6c7a67_mv2.png/v1/fill/w_74,h_74,al_c,usm_0.66_1.00_0.01,blur_3/9080a90d-7478-4204-824a-abb16b3b0b50-155.png]
[static.wixstatic.com/media/0f4756_2e46d0cc9a7c466ab590986a12406c00_mv2.gif]
[static.wixstatic.com/media/0f4756_ca89d22730b44c2dbf391553afb16232_mv2.png/v1/fill/w_234,h_63,al_c,usm_0.66_1.00_0.01,blur_2/rslogo3.png]
[static.wixstatic.com/media/0f4756_dffa0f2ed8c1448587b508171a54b6c6_mv2.png/v1/fill/w_96,h_16,al_c,usm_0.66_1.00_0.01,blur_2/clienntdownnload.png]
[static.wixstatic.com/media/0f4756_f89b9227fc4647758764f1773ebe3517_mv2.png/v1/fill/w_91,h_15,al_c,usm_0.66_1.00_0.01,blur_2/Installation Guide.png]
[moliorrsteam.wixsite.com/moliorrs/installation-guide.html]
[moliorrsteam.wixsite.com/moliorrs/contributors.html]
[static.wixstatic.com/media/0f4756_56596a54d2924a99821332ccdfcf1109_mv2.png/v1/fill/w_110,h_18,al_c,usm_0.66_1.00_0.01,blur_2/Contributors.png]
[static.wixstatic.com/media/0f4756_7d76ba1df037447582d0f70502bd9aa3_mv2.png/v1/fill/w_135,h_46,al_c,usm_0.66_1.00_0.01,blur_3/Discord-Logo+Wordmark-White.png]
[moliorrsteam.wixsite.com/moliorrs.html]
[moliorrsteam.wixsite.com/moliorrs/decodeURIComponent(e.html]
[moliorrsteam.wixsite.com/moliorrs/https_.html]
[moliorrsteam.wixsite.com/moliorrs/robots.html]
[moliorrsteam.wixsite.com/moliorrs/feed.html]
[moliorrsteam.wixsite.com/moliorrs/$&/index.html]
[moliorrsteam.wixsite.com/index.html]
[static.parastorage.com/services/third-party/fonts/user-site-fonts/fonts/ab9cd062-380f-4b53-b1a7-c0bec7402235.svg]
[static.parastorage.com/services/third-party/fonts/user-site-fonts/fonts/d1b1e866-a411-42ba-8f75-72bf28e23694.svg]
[static.parastorage.com/services/third-party/fonts/user-site-fonts/fonts/9f774d17-c03a-418e-a375-34f3beecbc7a.svg]
[static.parastorage.com/services/third-party/fonts/user-site-fonts/fonts/58ae9be9-5d95-44b6-8b6c-e6da6a46822c.svg]
[static.parastorage.com/services/third-party/fonts/user-site-fonts/fonts/c2182c36-8eb4-4a56-a0ff-dba7492ce96c.svg]
[static.parastorage.com/services/third-party/fonts/user-site-fonts/fonts/f6d0e775-b2fc-4bc8-8967-cd78486d451c.svg]
[static.parastorage.com/services/third-party/fonts/user-site-fonts/fonts/7bbc8148-b9e2-49ad-bd2a-b6a8ba78efa6.svg]
[static.parastorage.com/services/wix-thunderbolt/dist/bootstrap-features.703ae51b.chunk.min.js]
[static.parastorage.com/services/wix-thunderbolt/dist/main.f0b22490.chunk.min.js]
[static.parastorage.com/services/wix-thunderbolt/dist/wix-code-sdk-providers.b03b8d92.chunk.min.js]
[static.parastorage.com/services/wix-thunderbolt/dist/ooi.7a89728e.chunk.min.js]
[static.parastorage.com/services/wix-thunderbolt/dist/siteMembers.0085bd82.chunk.min.js]
[static.parastorage.com/services/wix-thunderbolt/dist/tpaCommons.895a51d2.chunk.min.js]
[static.parastorage.com/services/wix-thunderbolt/dist/windowMessageRegistrar.f43aab20.chunk.min.js]
[static.parastorage.com/services/wix-thunderbolt/dist/platform.b5915ffb.chunk.min.js]
[static.parastorage.com/services/wix-thunderbolt/dist/animations-vendors.a28f3642.chunk.min.js]
[static.parastorage.com/services/editor-elements/dist/WPhoto_LiftedShadowPhoto.8f15a439.chunk.min.js]
[static.wixstatic.com/media/0f4756_3dd734bd1c37479ba5a159b3c060332d_mv2.jpg/v1/fill/w_243,h_93,al_c,q_80,usm_0.66_1.00_0.01,blur_2/bg2.jpg]
[static.wixstatic.com/media/0f4756_1bab783d93c24ce6be340774fb71edf2_mv2.jpg/v1/fill/w_161,h_60,al_c,q_80,usm_0.66_1.00_0.01,blur_2/step one.jpg]
[static.wixstatic.com/media/0f4756_84a0af3f45814f25abd2a94636cad533_mv2.png/v1/fill/w_153,h_83,al_c,usm_0.66_1.00_0.01,blur_2/gqohhxh_1_orig.png]
[static.wixstatic.com/media/0f4756_2e9f7113ef9d43bc88b72d1b1b480857_mv2.png/v1/fill/w_169,h_10,al_c,usm_0.66_1.00_0.01,blur_2/a6dddea7e87809d9019ebf51383937d1.png]
[static.wixstatic.com/media/0f4756_b3d02a74ae5144a2b7fc0be3012fb4c3_mv2.png/v1/fill/w_155,h_7,al_c,usm_0.66_1.00_0.01,blur_2/2c1958628206960b82709d656d474240.png]
[static.wixstatic.com/media/0f4756_3d0917531d7f48b6be4fa6673eee653a_mv2.png/v1/fill/w_176,h_83,al_c,usm_0.66_1.00_0.01,blur_2/5c35fcc82067fed75a0af14e97b93e0e.png]
[static.wixstatic.com/media/0f4756_f785f6d6b66345e0a4e6c0424a82c3dd_mv2.png/v1/fill/w_110,h_18,al_c,usm_0.66_1.00_0.01,blur_2/Homepage.png]
[static.wixstatic.com/media/0f4756_ca89d22730b44c2dbf391553afb16232_mv2.png/v1/fill/w_235,h_63,al_c,usm_0.66_1.00_0.01,blur_2/rslogo3.png]
[moliorrsteam.wixsite.com/moliorrs/installation-guide.html]
[static.wixstatic.com/media/0f4756_477488124a4443579f87996bd2991b62_mv2.png/v1/fill/w_121,h_71,al_c,usm_0.66_1.00_0.01,blur_2/trelloimage.png]
[static.wixstatic.com/media/0f4756_214f280cf55b443aba085b75c54092c4_mv2.png/v1/fill/w_167,h_34,al_c,usm_0.66_1.00_0.01,blur_3/Digital-Patreon-Wordmark_White.png]
[moliorrsteam.wixsite.com/moliorrs/contributors.html]
